// Jest Snapshot v1, https://goo.gl/fbAQLP

exports[`Login Page Test To Match Snapshot 1`] = `
Object {
  "asFragment": [Function],
  "baseElement": <body>
    <div>
      <div
        class="lg:flex flex-row w-screen h-screen overflow-hidden"
      >
        <div
          class="lg:w-1/2 h-full flex justify-center items-center"
          id="register-screen"
          style="background-repeat: no-repeat; background-size: cover; background-position: center;"
        >
          <div
            class="sc-dtMgUX kMqxod"
          >
            <div
              class="flex flex-col mr-10 ml-10 -3xl"
            >
              <div
                class="m-5 text-center"
              >
                <h1
                  class="text-black text-3xl font-bold"
                >
                  Register
                </h1>
              </div>
              <div
                class="xl:flex flex-row"
              >
                <div
                  class="sc-dkPtRN fxVmYX"
                >
                  <p
                    style="font-weight: 500; font-size: 10px; text-align: left; margin-left: 16px; opacity: 0;"
                  >
                    First Name
                  </p>
                  <input
                    class="sc-eCImPb gEeJyX"
                    data-testid="register-firstname"
                    name="first_name"
                    pattern="[A-Za-z0-9]"
                    placeholder="First Name"
                  />
                  <div
                    class="sc-hKwDye fAXVWq"
                  >
                    <p
                      class="sc-gsDKAQ dDSEwt"
                      font-size="10"
                      font-weight="100"
                    />
                  </div>
                  <div
                    style="height: 12px;"
                  />
                </div>
                <div
                  class="w-4"
                />
                <div
                  class="sc-dkPtRN fxVmYX"
                >
                  <p
                    style="font-weight: 500; font-size: 10px; text-align: left; margin-left: 16px; opacity: 0;"
                  >
                    Last Name
                  </p>
                  <input
                    class="sc-eCImPb gEeJyX"
                    data-testid="register-lastname"
                    name="last_name"
                    pattern="[A-Za-z0-9]"
                    placeholder="Last Name"
                  />
                  <div
                    class="sc-hKwDye fAXVWq"
                  >
                    <p
                      class="sc-gsDKAQ dDSEwt"
                      font-size="10"
                      font-weight="100"
                    />
                  </div>
                  <div
                    style="height: 12px;"
                  />
                </div>
              </div>
              <div
                class="sc-dkPtRN fxVmYX"
              >
                <p
                  style="font-weight: 500; font-size: 10px; text-align: left; margin-left: 16px; opacity: 0;"
                >
                  Display Name
                </p>
                <input
                  class="sc-eCImPb gEeJyX"
                  data-testid="register-displayname"
                  name="display_name"
                  pattern="[A-Za-z0-9]"
                  placeholder="Display Name"
                />
                <div
                  class="sc-hKwDye fAXVWq"
                >
                  <p
                    class="sc-gsDKAQ dDSEwt"
                    font-size="10"
                    font-weight="100"
                  />
                </div>
                <div
                  style="height: 12px;"
                />
              </div>
              <div
                class="sc-dkPtRN fxVmYX"
              >
                <p
                  style="font-weight: 500; font-size: 10px; text-align: left; margin-left: 16px; opacity: 0;"
                >
                  Email
                </p>
                <input
                  class="sc-eCImPb gEeJyX"
                  data-testid="register-email"
                  name="email"
                  pattern="[A-Za-z0-9]"
                  placeholder="Email"
                />
                <div
                  class="sc-hKwDye fAXVWq"
                >
                  <p
                    class="sc-gsDKAQ dDSEwt"
                    font-size="10"
                    font-weight="100"
                  />
                </div>
                <div
                  style="height: 12px;"
                />
              </div>
              <div
                class="sc-dkPtRN fxVmYX"
              >
                <p
                  style="font-weight: 500; font-size: 10px; text-align: left; margin-left: 16px; opacity: 0;"
                >
                  Username
                </p>
                <input
                  class="sc-eCImPb gEeJyX"
                  data-testid="register-username"
                  name="username"
                  pattern="[A-Za-z0-9]"
                  placeholder="Username"
                />
                <div
                  class="sc-hKwDye fAXVWq"
                >
                  <p
                    class="sc-gsDKAQ dDSEwt"
                    font-size="10"
                    font-weight="100"
                  />
                </div>
                <div
                  style="height: 12px;"
                />
              </div>
              <div
                class="sc-kfPuZi jyqpMT"
              >
                <p
                  style="font-weight: 400; font-size: 10px; text-align: left; margin-left: 16px; opacity: 0;"
                >
                  fieldname
                </p>
                <input
                  class="sc-bBHxTw hhnBar"
                  data-testid="register-date"
                  name="birth_date"
                  placeholder=""
                  type="date"
                  value=""
                />
              </div>
              <div
                class="sc-dkPtRN fxVmYX"
              >
                <p
                  style="font-weight: 500; font-size: 10px; text-align: left; margin-left: 16px; opacity: 0;"
                >
                  Password
                </p>
                <input
                  class="sc-eCImPb gEeJyX"
                  data-testid="register-password"
                  name="password"
                  pattern="[A-Za-z0-9]"
                  placeholder="Password"
                  type="password"
                />
                <div
                  class="sc-hKwDye fAXVWq"
                >
                  <p
                    class="sc-gsDKAQ dDSEwt"
                    font-size="10"
                    font-weight="100"
                  />
                </div>
                <div
                  style="height: 12px;"
                />
              </div>
              <div
                class="sc-dkPtRN fxVmYX"
              >
                <p
                  style="font-weight: 500; font-size: 10px; text-align: left; margin-left: 16px; opacity: 0;"
                >
                  Confirm Password
                </p>
                <input
                  class="sc-eCImPb gEeJyX"
                  data-testid="register-confirmpassword"
                  name="confirm_password"
                  pattern="[A-Za-z0-9]"
                  placeholder="Confirm Password"
                  type="password"
                />
                <div
                  class="sc-hKwDye fAXVWq"
                >
                  <p
                    class="sc-gsDKAQ dDSEwt"
                    font-size="10"
                    font-weight="100"
                  />
                </div>
                <div
                  style="height: 12px;"
                />
              </div>
              <div
                class="sc-bdvvtL cwdxJg"
              >
                Continue
              </div>
              <div
                class="flex flex-row items-center justify-end"
              >
                <p
                  class="text-blue-500 text-xs cursor-pointer"
                >
                  Already Have an account
                </p>
              </div>
            </div>
          </div>
        </div>
        <div
          class="lg:w-1/2 h-full flex justify-center items-center"
          id="login-screen"
          style="background-image: url(register-bg.svg); background-repeat: no-repeat; background-size: cover; background-position: center;"
        >
          <div
            class="sc-hOGkXu jfaxfQ"
          >
            <div
              class="flex flex-col mr-10 ml-10 -3xl"
            >
              <div
                class="m-5 text-center"
              >
                <h1
                  class="text-black text-3xl font-bold"
                >
                  Log in
                </h1>
              </div>
              <div
                class="sc-dkPtRN fxVmYX"
              >
                <p
                  style="font-weight: 500; font-size: 10px; text-align: left; margin-left: 16px; opacity: 0;"
                />
                <input
                  class="sc-eCImPb gEeJyX"
                  data-testid="login-email"
                  id="login-email"
                  name=""
                  pattern="[A-Za-z0-9]"
                  placeholder="Email"
                />
                <div
                  class="sc-hKwDye fAXVWq"
                >
                  <p
                    class="sc-gsDKAQ dDSEwt"
                    font-size="10"
                    font-weight="100"
                  />
                </div>
                <div
                  style="height: 12px;"
                />
              </div>
              <div
                class="sc-dkPtRN fxVmYX"
              >
                <p
                  style="font-weight: 500; font-size: 10px; text-align: left; margin-left: 16px; opacity: 0;"
                />
                <input
                  class="sc-eCImPb gEeJyX"
                  data-testid="login-password"
                  id="login-password"
                  name=""
                  pattern="[A-Za-z0-9]"
                  placeholder="Password"
                  type="password"
                />
                <div
                  class="sc-hKwDye fAXVWq"
                >
                  <p
                    class="sc-gsDKAQ dDSEwt"
                    font-size="10"
                    font-weight="100"
                  />
                </div>
                <div
                  style="height: 12px;"
                />
              </div>
              <div
                class="flex flex-row justify-end items-center"
              >
                <input
                  class="mr-2"
                  type="checkbox"
                />
                <p
                  class=" text-black text-xs font-extralight"
                >
                  Remember me
                </p>
              </div>
              <div
                class="sc-bdvvtL cwdxJg"
              >
                Continue
              </div>
              <div
                class="flex flex-row items-center justify-between"
              >
                <p
                  class="text-blue-500 text-xs cursor-pointer"
                >
                  Don't have and accout?
                </p>
                <p
                  class="text-blue-500 text-xs cursor-pointer"
                >
                  Forgot password
                </p>
              </div>
            </div>
          </div>
        </div>
      </div>
    </div>
  </body>,
  "container": <div>
    <div
      class="lg:flex flex-row w-screen h-screen overflow-hidden"
    >
      <div
        class="lg:w-1/2 h-full flex justify-center items-center"
        id="register-screen"
        style="background-repeat: no-repeat; background-size: cover; background-position: center;"
      >
        <div
          class="sc-dtMgUX kMqxod"
        >
          <div
            class="flex flex-col mr-10 ml-10 -3xl"
          >
            <div
              class="m-5 text-center"
            >
              <h1
                class="text-black text-3xl font-bold"
              >
                Register
              </h1>
            </div>
            <div
              class="xl:flex flex-row"
            >
              <div
                class="sc-dkPtRN fxVmYX"
              >
                <p
                  style="font-weight: 500; font-size: 10px; text-align: left; margin-left: 16px; opacity: 0;"
                >
                  First Name
                </p>
                <input
                  class="sc-eCImPb gEeJyX"
                  data-testid="register-firstname"
                  name="first_name"
                  pattern="[A-Za-z0-9]"
                  placeholder="First Name"
                />
                <div
                  class="sc-hKwDye fAXVWq"
                >
                  <p
                    class="sc-gsDKAQ dDSEwt"
                    font-size="10"
                    font-weight="100"
                  />
                </div>
                <div
                  style="height: 12px;"
                />
              </div>
              <div
                class="w-4"
              />
              <div
                class="sc-dkPtRN fxVmYX"
              >
                <p
                  style="font-weight: 500; font-size: 10px; text-align: left; margin-left: 16px; opacity: 0;"
                >
                  Last Name
                </p>
                <input
                  class="sc-eCImPb gEeJyX"
                  data-testid="register-lastname"
                  name="last_name"
                  pattern="[A-Za-z0-9]"
                  placeholder="Last Name"
                />
                <div
                  class="sc-hKwDye fAXVWq"
                >
                  <p
                    class="sc-gsDKAQ dDSEwt"
                    font-size="10"
                    font-weight="100"
                  />
                </div>
                <div
                  style="height: 12px;"
                />
              </div>
            </div>
            <div
              class="sc-dkPtRN fxVmYX"
            >
              <p
                style="font-weight: 500; font-size: 10px; text-align: left; margin-left: 16px; opacity: 0;"
              >
                Display Name
              </p>
              <input
                class="sc-eCImPb gEeJyX"
                data-testid="register-displayname"
                name="display_name"
                pattern="[A-Za-z0-9]"
                placeholder="Display Name"
              />
              <div
                class="sc-hKwDye fAXVWq"
              >
                <p
                  class="sc-gsDKAQ dDSEwt"
                  font-size="10"
                  font-weight="100"
                />
              </div>
              <div
                style="height: 12px;"
              />
            </div>
            <div
              class="sc-dkPtRN fxVmYX"
            >
              <p
                style="font-weight: 500; font-size: 10px; text-align: left; margin-left: 16px; opacity: 0;"
              >
                Email
              </p>
              <input
                class="sc-eCImPb gEeJyX"
                data-testid="register-email"
                name="email"
                pattern="[A-Za-z0-9]"
                placeholder="Email"
              />
              <div
                class="sc-hKwDye fAXVWq"
              >
                <p
                  class="sc-gsDKAQ dDSEwt"
                  font-size="10"
                  font-weight="100"
                />
              </div>
              <div
                style="height: 12px;"
              />
            </div>
            <div
              class="sc-dkPtRN fxVmYX"
            >
              <p
                style="font-weight: 500; font-size: 10px; text-align: left; margin-left: 16px; opacity: 0;"
              >
                Username
              </p>
              <input
                class="sc-eCImPb gEeJyX"
                data-testid="register-username"
                name="username"
                pattern="[A-Za-z0-9]"
                placeholder="Username"
              />
              <div
                class="sc-hKwDye fAXVWq"
              >
                <p
                  class="sc-gsDKAQ dDSEwt"
                  font-size="10"
                  font-weight="100"
                />
              </div>
              <div
                style="height: 12px;"
              />
            </div>
            <div
              class="sc-kfPuZi jyqpMT"
            >
              <p
                style="font-weight: 400; font-size: 10px; text-align: left; margin-left: 16px; opacity: 0;"
              >
                fieldname
              </p>
              <input
                class="sc-bBHxTw hhnBar"
                data-testid="register-date"
                name="birth_date"
                placeholder=""
                type="date"
                value=""
              />
            </div>
            <div
              class="sc-dkPtRN fxVmYX"
            >
              <p
                style="font-weight: 500; font-size: 10px; text-align: left; margin-left: 16px; opacity: 0;"
              >
                Password
              </p>
              <input
                class="sc-eCImPb gEeJyX"
                data-testid="register-password"
                name="password"
                pattern="[A-Za-z0-9]"
                placeholder="Password"
                type="password"
              />
              <div
                class="sc-hKwDye fAXVWq"
              >
                <p
                  class="sc-gsDKAQ dDSEwt"
                  font-size="10"
                  font-weight="100"
                />
              </div>
              <div
                style="height: 12px;"
              />
            </div>
            <div
              class="sc-dkPtRN fxVmYX"
            >
              <p
                style="font-weight: 500; font-size: 10px; text-align: left; margin-left: 16px; opacity: 0;"
              >
                Confirm Password
              </p>
              <input
                class="sc-eCImPb gEeJyX"
                data-testid="register-confirmpassword"
                name="confirm_password"
                pattern="[A-Za-z0-9]"
                placeholder="Confirm Password"
                type="password"
              />
              <div
                class="sc-hKwDye fAXVWq"
              >
                <p
                  class="sc-gsDKAQ dDSEwt"
                  font-size="10"
                  font-weight="100"
                />
              </div>
              <div
                style="height: 12px;"
              />
            </div>
            <div
              class="sc-bdvvtL cwdxJg"
            >
              Continue
            </div>
            <div
              class="flex flex-row items-center justify-end"
            >
              <p
                class="text-blue-500 text-xs cursor-pointer"
              >
                Already Have an account
              </p>
            </div>
          </div>
        </div>
      </div>
      <div
        class="lg:w-1/2 h-full flex justify-center items-center"
        id="login-screen"
        style="background-image: url(register-bg.svg); background-repeat: no-repeat; background-size: cover; background-position: center;"
      >
        <div
          class="sc-hOGkXu jfaxfQ"
        >
          <div
            class="flex flex-col mr-10 ml-10 -3xl"
          >
            <div
              class="m-5 text-center"
            >
              <h1
                class="text-black text-3xl font-bold"
              >
                Log in
              </h1>
            </div>
            <div
              class="sc-dkPtRN fxVmYX"
            >
              <p
                style="font-weight: 500; font-size: 10px; text-align: left; margin-left: 16px; opacity: 0;"
              />
              <input
                class="sc-eCImPb gEeJyX"
                data-testid="login-email"
                id="login-email"
                name=""
                pattern="[A-Za-z0-9]"
                placeholder="Email"
              />
              <div
                class="sc-hKwDye fAXVWq"
              >
                <p
                  class="sc-gsDKAQ dDSEwt"
                  font-size="10"
                  font-weight="100"
                />
              </div>
              <div
                style="height: 12px;"
              />
            </div>
            <div
              class="sc-dkPtRN fxVmYX"
            >
              <p
                style="font-weight: 500; font-size: 10px; text-align: left; margin-left: 16px; opacity: 0;"
              />
              <input
                class="sc-eCImPb gEeJyX"
                data-testid="login-password"
                id="login-password"
                name=""
                pattern="[A-Za-z0-9]"
                placeholder="Password"
                type="password"
              />
              <div
                class="sc-hKwDye fAXVWq"
              >
                <p
                  class="sc-gsDKAQ dDSEwt"
                  font-size="10"
                  font-weight="100"
                />
              </div>
              <div
                style="height: 12px;"
              />
            </div>
            <div
              class="flex flex-row justify-end items-center"
            >
              <input
                class="mr-2"
                type="checkbox"
              />
              <p
                class=" text-black text-xs font-extralight"
              >
                Remember me
              </p>
            </div>
            <div
              class="sc-bdvvtL cwdxJg"
            >
              Continue
            </div>
            <div
              class="flex flex-row items-center justify-between"
            >
              <p
                class="text-blue-500 text-xs cursor-pointer"
              >
                Don't have and accout?
              </p>
              <p
                class="text-blue-500 text-xs cursor-pointer"
              >
                Forgot password
              </p>
            </div>
          </div>
        </div>
      </div>
    </div>
  </div>,
  "debug": [Function],
  "findAllByAltText": [Function],
  "findAllByDisplayValue": [Function],
  "findAllByLabelText": [Function],
  "findAllByPlaceholderText": [Function],
  "findAllByRole": [Function],
  "findAllByTestId": [Function],
  "findAllByText": [Function],
  "findAllByTitle": [Function],
  "findByAltText": [Function],
  "findByDisplayValue": [Function],
  "findByLabelText": [Function],
  "findByPlaceholderText": [Function],
  "findByRole": [Function],
  "findByTestId": [Function],
  "findByText": [Function],
  "findByTitle": [Function],
  "getAllByAltText": [Function],
  "getAllByDisplayValue": [Function],
  "getAllByLabelText": [Function],
  "getAllByPlaceholderText": [Function],
  "getAllByRole": [Function],
  "getAllByTestId": [Function],
  "getAllByText": [Function],
  "getAllByTitle": [Function],
  "getByAltText": [Function],
  "getByDisplayValue": [Function],
  "getByLabelText": [Function],
  "getByPlaceholderText": [Function],
  "getByRole": [Function],
  "getByTestId": [Function],
  "getByText": [Function],
  "getByTitle": [Function],
  "queryAllByAltText": [Function],
  "queryAllByDisplayValue": [Function],
  "queryAllByLabelText": [Function],
  "queryAllByPlaceholderText": [Function],
  "queryAllByRole": [Function],
  "queryAllByTestId": [Function],
  "queryAllByText": [Function],
  "queryAllByTitle": [Function],
  "queryByAltText": [Function],
  "queryByDisplayValue": [Function],
  "queryByLabelText": [Function],
  "queryByPlaceholderText": [Function],
  "queryByRole": [Function],
  "queryByTestId": [Function],
  "queryByText": [Function],
  "queryByTitle": [Function],
  "rerender": [Function],
  "unmount": [Function],
}
`;
